*** EVALUATION ***
PROGRAM "Labo5-2_Start.elf"

*********************************************************************************************
TARGET SECTION
---------------------------------------------------------------------------------------------
Processor   : Freescale S12Z
Memory Model: SMALL
File Format : ELF\DWARF 2.0
Linker      : SmartLinker V-5.0.54 Build 18298, Oct 26 2018

*********************************************************************************************
FILE SECTION
---------------------------------------------------------------------------------------------
main_asm.obj                            Model: COMMON,        Lang: Assembler,     Compiler Version: Assembler for HCS12Z V-5.0.019 Build 18298, Oct 26 2018

*********************************************************************************************
STARTUP SECTION
---------------------------------------------------------------------------------------------
Entry point: 0xFF8014 (_Startup)

*********************************************************************************************
SECTION-ALLOCATION SECTION
Section Name                    Size  Type     From       To       Segment
---------------------------------------------------------------------------------------------
.init                             67     R   0xFF8000   0xFF8042   ROM
.stack                           256   R/W     0x1000     0x10FF   RAM
.data                              3   R/W     0x1100     0x1102   RAM
.vectSeg0_vect                     3     R   0xFFFFFD   0xFFFFFF   .vectSeg0

Summary of section sizes per section type:
READ_ONLY (R):          46 (dec:       70)
READ_WRITE (R/W):      103 (dec:      259)

*********************************************************************************************
VECTOR-ALLOCATION SECTION
    Address     InitValue   InitFunction
---------------------------------------------------------------------------------------------
   0xFFFFFD      0xFF8014   _Startup

*********************************************************************************************
OBJECT-ALLOCATION SECTION
     Name               Module                 Addr   hSize   dSize     Ref    Section   RLIB
---------------------------------------------------------------------------------------------
MODULE:                 -- main_asm.obj --
- PROCEDURES:
     BCD7SEG1                                FF8000       A      10       0   .init       
     BCD7SEG2                                FF800A       A      10       0   .init       
     Entry                                   FF8014      2C      44       0   .init       
     _Startup                                FF8014       0       0       0   .init       
     main                                    FF8014       0       0       0   .init       
     loop                                    FF8040       3       3       0   .init       
- VARIABLES:
     val                                       1100       1       1       3   .data       
     diz                                       1101       1       1       2   .data       
     unit                                      1102       1       1       2   .data       

*********************************************************************************************
MODULE STATISTIC
  Name                                      Data   Code  Const
---------------------------------------------------------------------------------------------
  main_asm.obj                                 3     67      0
  other                                      256      3      0

*********************************************************************************************
SECTION USE IN OBJECT-ALLOCATION SECTION
---------------------------------------------------------------------------------------------
SECTION: ".data"
  val diz unit 
SECTION: ".init"
  BCD7SEG1 BCD7SEG2 main _Startup Entry loop 

*********************************************************************************************
OBJECT LIST SORTED BY ADDRESS
     Name                                      Addr   hSize   dSize     Ref    Section   RLIB
---------------------------------------------------------------------------------------------
     val                                       1100       1       1       3   .data       
     diz                                       1101       1       1       2   .data       
     unit                                      1102       1       1       2   .data       
     BCD7SEG1                                FF8000       A      10       0   .init       
     BCD7SEG2                                FF800A       A      10       0   .init       
     main                                    FF8014       0       0       0   .init       
     _Startup                                FF8014       0       0       0   .init       
     Entry                                   FF8014      2C      44       0   .init       
     loop                                    FF8040       3       3       0   .init       

*********************************************************************************************
UNUSED-OBJECTS SECTION
---------------------------------------------------------------------------------------------

*********************************************************************************************
COPYDOWN SECTION
---------------------------------------------------------------------------------------------

*********************************************************************************************
OBJECT-DEPENDENCIES SECTION
---------------------------------------------------------------------------------------------
Entry                     USES val diz unit 

*********************************************************************************************
DEPENDENCY TREE
*********************************************************************************************
 main and _Startup Group
 | 
 +- main                
 |    
 +- _Startup            
      
*********************************************************************************************
STATISTIC SECTION
---------------------------------------------------------------------------------------------

ExeFile:
--------
Number of blocks to be downloaded: 2
Total size of all blocks to be downloaded: 70

