*** EVALUATION ***
PROGRAM "Labo7-1.elf"

*********************************************************************************************
TARGET SECTION
---------------------------------------------------------------------------------------------
Processor   : Freescale S12Z
Memory Model: SMALL
File Format : ELF\DWARF 2.0
Linker      : SmartLinker V-5.0.55 Build 19351, Dec 18 2019

*********************************************************************************************
FILE SECTION
---------------------------------------------------------------------------------------------
main_asm.obj                            Model: COMMON,        Lang: Assembler,     Compiler Version: Assembler for HCS12Z V-5.0.020 Build 19351, Dec 18 2019

*********************************************************************************************
STARTUP SECTION
---------------------------------------------------------------------------------------------
Entry point: 0xFF8000 (_Startup)

*********************************************************************************************
SECTION-ALLOCATION SECTION
Section Name                    Size  Type     From       To       Segment
---------------------------------------------------------------------------------------------
.init                            195     R   0xFF8000   0xFF80C2   ROM
.stack                           256   R/W     0x1000     0x10FF   RAM
.data                              6   R/W     0x1100     0x1105   RAM
.vectSeg0_vect                     3     R   0xFFFFFD   0xFFFFFF   .vectSeg0

Summary of section sizes per section type:
READ_ONLY (R):          C6 (dec:      198)
READ_WRITE (R/W):      106 (dec:      262)

*********************************************************************************************
VECTOR-ALLOCATION SECTION
    Address     InitValue   InitFunction
---------------------------------------------------------------------------------------------
   0xFFFFFD      0xFF8000   _Startup

*********************************************************************************************
OBJECT-ALLOCATION SECTION
     Name               Module                 Addr   hSize   dSize     Ref    Section   RLIB
---------------------------------------------------------------------------------------------
MODULE:                 -- main_asm.obj --
- PROCEDURES:
     Entry                                   FF8000       C      12       0   .init       
     _Startup                                FF8000       0       0       0   .init       
     main                                    FF8000       0       0       0   .init       
     loop                                    FF800C      1B      27       0   .init       
     Combinaison0                            FF8027      1C      28       0   .init       
     Combinaison1                            FF8043      1C      28       0   .init       
     Combinaison2                            FF805F      1C      28       0   .init       
     Calcul                                  FF807B      30      48       0   .init       
     EQ100                                   FF80AB       7       7       0   .init       
     HI100                                   FF80B2       7       7       0   .init       
     LS100                                   FF80B9       7       7       0   .init       
     Suite                                   FF80C0       3       3       0   .init       
- VARIABLES:
     N1                                        1100       1       1       4   .data       
     N2                                        1101       1       1       4   .data       
     N3                                        1102       1       1       4   .data       
     N4                                        1103       1       1       4   .data       
     Result                                    1104       2       2       1   .data       

*********************************************************************************************
MODULE STATISTIC
  Name                                      Data   Code  Const
---------------------------------------------------------------------------------------------
  main_asm.obj                                 6    195      0
  other                                      256      3      0

*********************************************************************************************
SECTION USE IN OBJECT-ALLOCATION SECTION
---------------------------------------------------------------------------------------------
SECTION: ".data"
  N1 N2 N3 N4 Result 
SECTION: ".init"
  main _Startup Entry loop Combinaison0 Combinaison1 Combinaison2 Calcul EQ100 
  HI100 LS100 Suite 

*********************************************************************************************
OBJECT LIST SORTED BY ADDRESS
     Name                                      Addr   hSize   dSize     Ref    Section   RLIB
---------------------------------------------------------------------------------------------
     N1                                        1100       1       1       4   .data       
     N2                                        1101       1       1       4   .data       
     N3                                        1102       1       1       4   .data       
     N4                                        1103       1       1       4   .data       
     Result                                    1104       2       2       1   .data       
     main                                    FF8000       0       0       0   .init       
     _Startup                                FF8000       0       0       0   .init       
     Entry                                   FF8000       C      12       0   .init       
     loop                                    FF800C      1B      27       0   .init       
     Combinaison0                            FF8027      1C      28       0   .init       
     Combinaison1                            FF8043      1C      28       0   .init       
     Combinaison2                            FF805F      1C      28       0   .init       
     Calcul                                  FF807B      30      48       0   .init       
     EQ100                                   FF80AB       7       7       0   .init       
     HI100                                   FF80B2       7       7       0   .init       
     LS100                                   FF80B9       7       7       0   .init       
     Suite                                   FF80C0       3       3       0   .init       

*********************************************************************************************
UNUSED-OBJECTS SECTION
---------------------------------------------------------------------------------------------

*********************************************************************************************
COPYDOWN SECTION
---------------------------------------------------------------------------------------------

*********************************************************************************************
OBJECT-DEPENDENCIES SECTION
---------------------------------------------------------------------------------------------
Combinaison0              USES N1 N2 N3 N4 
Combinaison1              USES N1 N2 N3 N4 
Combinaison2              USES N1 N2 N3 N4 
Calcul                    USES N1 N2 N3 N4 Result 

*********************************************************************************************
DEPENDENCY TREE
*********************************************************************************************
 main and _Startup Group
 | 
 +- main                
 |    
 +- _Startup            
      
*********************************************************************************************
STATISTIC SECTION
---------------------------------------------------------------------------------------------

ExeFile:
--------
Number of blocks to be downloaded: 2
Total size of all blocks to be downloaded: 198

