*** EVALUATION ***
PROGRAM "Labo1_Start.elf"

*********************************************************************************************
TARGET SECTION
---------------------------------------------------------------------------------------------
Processor   : Freescale S12Z
Memory Model: SMALL
File Format : ELF\DWARF 2.0
Linker      : SmartLinker V-5.0.54 Build 18298, Oct 26 2018

*********************************************************************************************
FILE SECTION
---------------------------------------------------------------------------------------------
main_asm.obj                            Model: COMMON,        Lang: Assembler,     Compiler Version: Assembler for HCS12Z V-5.0.019 Build 18298, Oct 26 2018

*********************************************************************************************
STARTUP SECTION
---------------------------------------------------------------------------------------------
Entry point: 0xFF8005 (_Startup)

*********************************************************************************************
SECTION-ALLOCATION SECTION
Section Name                    Size  Type     From       To       Segment
---------------------------------------------------------------------------------------------
.init                             56     R   0xFF8000   0xFF8037   ROM
.stack                           256   R/W     0x1000     0x10FF   RAM
.data                              7   R/W     0x1100     0x1106   RAM
.vectSeg0_vect                     3     R   0xFFFFFD   0xFFFFFF   .vectSeg0

Summary of section sizes per section type:
READ_ONLY (R):          3B (dec:       59)
READ_WRITE (R/W):      107 (dec:      263)

*********************************************************************************************
VECTOR-ALLOCATION SECTION
    Address     InitValue   InitFunction
---------------------------------------------------------------------------------------------
   0xFFFFFD      0xFF8005   _Startup

*********************************************************************************************
OBJECT-ALLOCATION SECTION
     Name               Module                 Addr   hSize   dSize     Ref    Section   RLIB
---------------------------------------------------------------------------------------------
MODULE:                 -- main_asm.obj --
- PROCEDURES:
     CONST1                                  FF8000       1       1       1   .init       
     CONST2                                  FF8001       2       2       2   .init       
     CONST3                                  FF8003       2       2       1   .init       
     Entry                                   FF8005      30      48       0   .init       
     _Startup                                FF8005       0       0       0   .init       
     main                                    FF8005       0       0       0   .init       
     loop                                    FF8035       3       3       0   .init       
- VARIABLES:
     VAR1                                      1100       1       1       2   .data       
     VAR2                                      1101       2       2       2   .data       
     VAR3                                      1103       4       4       4   .data       

*********************************************************************************************
MODULE STATISTIC
  Name                                      Data   Code  Const
---------------------------------------------------------------------------------------------
  main_asm.obj                                 7     56      0
  other                                      256      3      0

*********************************************************************************************
SECTION USE IN OBJECT-ALLOCATION SECTION
---------------------------------------------------------------------------------------------
SECTION: ".data"
  VAR1 VAR2 VAR3 
SECTION: ".init"
  CONST1 CONST2 CONST3 main _Startup Entry loop 

*********************************************************************************************
OBJECT LIST SORTED BY ADDRESS
     Name                                      Addr   hSize   dSize     Ref    Section   RLIB
---------------------------------------------------------------------------------------------
     VAR1                                      1100       1       1       2   .data       
     VAR2                                      1101       2       2       2   .data       
     VAR3                                      1103       4       4       4   .data       
     CONST1                                  FF8000       1       1       1   .init       
     CONST2                                  FF8001       2       2       2   .init       
     CONST3                                  FF8003       2       2       1   .init       
     main                                    FF8005       0       0       0   .init       
     _Startup                                FF8005       0       0       0   .init       
     Entry                                   FF8005      30      48       0   .init       
     loop                                    FF8035       3       3       0   .init       

*********************************************************************************************
UNUSED-OBJECTS SECTION
---------------------------------------------------------------------------------------------

*********************************************************************************************
COPYDOWN SECTION
---------------------------------------------------------------------------------------------

*********************************************************************************************
OBJECT-DEPENDENCIES SECTION
---------------------------------------------------------------------------------------------
Entry                     USES CONST1 VAR1 CONST2 VAR2 VAR3 CONST3 

*********************************************************************************************
DEPENDENCY TREE
*********************************************************************************************
 main and _Startup Group
 | 
 +- main                
 |    
 +- _Startup            
      
*********************************************************************************************
STATISTIC SECTION
---------------------------------------------------------------------------------------------

ExeFile:
--------
Number of blocks to be downloaded: 2
Total size of all blocks to be downloaded: 59

