*** EVALUATION ***
PROGRAM "Labo2_Start.elf"

*********************************************************************************************
TARGET SECTION
---------------------------------------------------------------------------------------------
Processor   : Freescale S12Z
Memory Model: SMALL
File Format : ELF\DWARF 2.0
Linker      : SmartLinker V-5.0.54 Build 18298, Oct 26 2018

*********************************************************************************************
FILE SECTION
---------------------------------------------------------------------------------------------
main_asm.obj                            Model: COMMON,        Lang: Assembler,     Compiler Version: Assembler for HCS12Z V-5.0.019 Build 18298, Oct 26 2018

*********************************************************************************************
STARTUP SECTION
---------------------------------------------------------------------------------------------
Entry point: 0xFF800A (_Startup)

*********************************************************************************************
SECTION-ALLOCATION SECTION
Section Name                    Size  Type     From       To       Segment
---------------------------------------------------------------------------------------------
.init                            277     R   0xFF8000   0xFF8114   ROM
.stack                           256   R/W     0x1000     0x10FF   RAM
.data                             16   R/W     0x1100     0x110F   RAM
.vectSeg0_vect                     3     R   0xFFFFFD   0xFFFFFF   .vectSeg0

Summary of section sizes per section type:
READ_ONLY (R):         118 (dec:      280)
READ_WRITE (R/W):      110 (dec:      272)

*********************************************************************************************
VECTOR-ALLOCATION SECTION
    Address     InitValue   InitFunction
---------------------------------------------------------------------------------------------
   0xFFFFFD      0xFF800A   _Startup

*********************************************************************************************
OBJECT-ALLOCATION SECTION
     Name               Module                 Addr   hSize   dSize     Ref    Section   RLIB
---------------------------------------------------------------------------------------------
MODULE:                 -- main_asm.obj --
- PROCEDURES:
     data1                                   FF8000       4       4       1   .init       
     data2                                   FF8004       4       4       1   .init       
     const1                                  FF8008       1       1       1   .init       
     const2                                  FF8009       1       1       1   .init       
     Entry                                   FF800A     108     264       0   .init       
     _Startup                                FF800A       0       0       0   .init       
     main                                    FF800A       0       0       0   .init       
     loop                                    FF8112       3       3       0   .init       
- VARIABLES:
     buf1                                      1100       4       4       5   .data       
     buf2                                      1104       4       4       5   .data       
     buf3                                      1108       4       4      12   .data       
     buf4                                      110C       4       4      12   .data       

*********************************************************************************************
MODULE STATISTIC
  Name                                      Data   Code  Const
---------------------------------------------------------------------------------------------
  main_asm.obj                                16    277      0
  other                                      256      3      0

*********************************************************************************************
SECTION USE IN OBJECT-ALLOCATION SECTION
---------------------------------------------------------------------------------------------
SECTION: ".data"
  buf1 buf2 buf3 buf4 
SECTION: ".init"
  data1 data2 const1 const2 main _Startup Entry loop 

*********************************************************************************************
OBJECT LIST SORTED BY ADDRESS
     Name                                      Addr   hSize   dSize     Ref    Section   RLIB
---------------------------------------------------------------------------------------------
     buf1                                      1100       4       4       5   .data       
     buf2                                      1104       4       4       5   .data       
     buf3                                      1108       4       4      12   .data       
     buf4                                      110C       4       4      12   .data       
     data1                                   FF8000       4       4       1   .init       
     data2                                   FF8004       4       4       1   .init       
     const1                                  FF8008       1       1       1   .init       
     const2                                  FF8009       1       1       1   .init       
     main                                    FF800A       0       0       0   .init       
     _Startup                                FF800A       0       0       0   .init       
     Entry                                   FF800A     108     264       0   .init       
     loop                                    FF8112       3       3       0   .init       

*********************************************************************************************
UNUSED-OBJECTS SECTION
---------------------------------------------------------------------------------------------

*********************************************************************************************
COPYDOWN SECTION
---------------------------------------------------------------------------------------------

*********************************************************************************************
OBJECT-DEPENDENCIES SECTION
---------------------------------------------------------------------------------------------
Entry                     USES data1 buf1 data2 buf2 const1 buf3 const2 buf4 

*********************************************************************************************
DEPENDENCY TREE
*********************************************************************************************
 main and _Startup Group
 | 
 +- main                
 |    
 +- _Startup            
      
*********************************************************************************************
STATISTIC SECTION
---------------------------------------------------------------------------------------------

ExeFile:
--------
Number of blocks to be downloaded: 2
Total size of all blocks to be downloaded: 280

