*** EVALUATION ***
PROGRAM "Labo9_Start.elf"

*********************************************************************************************
TARGET SECTION
---------------------------------------------------------------------------------------------
Processor   : Freescale S12Z
Memory Model: SMALL
File Format : ELF\DWARF 2.0
Linker      : SmartLinker V-5.0.54 Build 18298, Oct 26 2018

*********************************************************************************************
FILE SECTION
---------------------------------------------------------------------------------------------
main_asm.obj                            Model: COMMON,        Lang: Assembler,     Compiler Version: Assembler for HCS12Z V-5.0.019 Build 18298, Oct 26 2018

*********************************************************************************************
STARTUP SECTION
---------------------------------------------------------------------------------------------
Entry point: 0xFF8010 (_Startup)

*********************************************************************************************
SECTION-ALLOCATION SECTION
Section Name                    Size  Type     From       To       Segment
---------------------------------------------------------------------------------------------
.init                             65     R   0xFF8000   0xFF8040   ROM
.stack                           256   R/W     0x1000     0x10FF   RAM
.data                              3   R/W     0x1100     0x1102   RAM
.vectSeg0_vect                     3     R   0xFFFFFD   0xFFFFFF   .vectSeg0

Summary of section sizes per section type:
READ_ONLY (R):          44 (dec:       68)
READ_WRITE (R/W):      103 (dec:      259)

*********************************************************************************************
VECTOR-ALLOCATION SECTION
    Address     InitValue   InitFunction
---------------------------------------------------------------------------------------------
   0xFFFFFD      0xFF8010   _Startup

*********************************************************************************************
OBJECT-ALLOCATION SECTION
     Name               Module                 Addr   hSize   dSize     Ref    Section   RLIB
---------------------------------------------------------------------------------------------
MODULE:                 -- main_asm.obj --
- PROCEDURES:
     DS1SEG                                  FF8000      10      16       0   .init       
     Entry                                   FF8010      2E      46       0   .init       
     _Startup                                FF8010       0       0       0   .init       
     main                                    FF8010       0       0       0   .init       
     loop                                    FF803E       3       3       0   .init       
- VARIABLES:
     Compteur                                  1100       1       1       5   .data       
     S1old                                     1101       1       1       0   .data       
     S2old                                     1102       1       1       0   .data       

*********************************************************************************************
MODULE STATISTIC
  Name                                      Data   Code  Const
---------------------------------------------------------------------------------------------
  main_asm.obj                                 3     65      0
  other                                      256      3      0

*********************************************************************************************
SECTION USE IN OBJECT-ALLOCATION SECTION
---------------------------------------------------------------------------------------------
SECTION: ".data"
  Compteur S1old S2old 
SECTION: ".init"
  DS1SEG main _Startup Entry loop 

*********************************************************************************************
OBJECT LIST SORTED BY ADDRESS
     Name                                      Addr   hSize   dSize     Ref    Section   RLIB
---------------------------------------------------------------------------------------------
     Compteur                                  1100       1       1       5   .data       
     S1old                                     1101       1       1       0   .data       
     S2old                                     1102       1       1       0   .data       
     DS1SEG                                  FF8000      10      16       0   .init       
     main                                    FF8010       0       0       0   .init       
     _Startup                                FF8010       0       0       0   .init       
     Entry                                   FF8010      2E      46       0   .init       
     loop                                    FF803E       3       3       0   .init       

*********************************************************************************************
UNUSED-OBJECTS SECTION
---------------------------------------------------------------------------------------------

*********************************************************************************************
COPYDOWN SECTION
---------------------------------------------------------------------------------------------

*********************************************************************************************
OBJECT-DEPENDENCIES SECTION
---------------------------------------------------------------------------------------------
Entry                     USES Compteur 

*********************************************************************************************
DEPENDENCY TREE
*********************************************************************************************
 main and _Startup Group
 | 
 +- main                
 |    
 +- _Startup            
      
*********************************************************************************************
STATISTIC SECTION
---------------------------------------------------------------------------------------------

ExeFile:
--------
Number of blocks to be downloaded: 2
Total size of all blocks to be downloaded: 68

