*** EVALUATION ***
PROGRAM "Labo8-1_Start.elf"

*********************************************************************************************
TARGET SECTION
---------------------------------------------------------------------------------------------
Processor   : Freescale S12Z
Memory Model: SMALL
File Format : ELF\DWARF 2.0
Linker      : SmartLinker V-5.0.54 Build 18298, Oct 26 2018

*********************************************************************************************
FILE SECTION
---------------------------------------------------------------------------------------------
main_asm.obj                            Model: COMMON,        Lang: Assembler,     Compiler Version: Assembler for HCS12Z V-5.0.019 Build 18298, Oct 26 2018

*********************************************************************************************
STARTUP SECTION
---------------------------------------------------------------------------------------------
Entry point: 0xFF800C (_Startup)

*********************************************************************************************
SECTION-ALLOCATION SECTION
Section Name                    Size  Type     From       To       Segment
---------------------------------------------------------------------------------------------
.init                             62     R   0xFF8000   0xFF803D   ROM
.stack                           256   R/W     0x1000     0x10FF   RAM
.data                              5   R/W     0x1100     0x1104   RAM
.vectSeg0_vect                     3     R   0xFFFFFD   0xFFFFFF   .vectSeg0

Summary of section sizes per section type:
READ_ONLY (R):          41 (dec:       65)
READ_WRITE (R/W):      105 (dec:      261)

*********************************************************************************************
VECTOR-ALLOCATION SECTION
    Address     InitValue   InitFunction
---------------------------------------------------------------------------------------------
   0xFFFFFD      0xFF800C   _Startup

*********************************************************************************************
OBJECT-ALLOCATION SECTION
     Name               Module                 Addr   hSize   dSize     Ref    Section   RLIB
---------------------------------------------------------------------------------------------
MODULE:                 -- main_asm.obj --
- PROCEDURES:
     STATELED                                FF8000       C      12       1   .init       
     Entry                                   FF800C      17      23       0   .init       
     _Startup                                FF800C       0       0       0   .init       
     main                                    FF800C       0       0       0   .init       
     Start                                   FF8023       3       3       0   .init       
     loop                                    FF8026      18      24       0   .init       
- VARIABLES:
     Counter                                   1100       4       4       3   .data       
     i                                         1104       1       1       1   .data       

*********************************************************************************************
MODULE STATISTIC
  Name                                      Data   Code  Const
---------------------------------------------------------------------------------------------
  main_asm.obj                                 5     62      0
  other                                      256      3      0

*********************************************************************************************
SECTION USE IN OBJECT-ALLOCATION SECTION
---------------------------------------------------------------------------------------------
SECTION: ".data"
  Counter i 
SECTION: ".init"
  STATELED main _Startup Entry Start loop 

*********************************************************************************************
OBJECT LIST SORTED BY ADDRESS
     Name                                      Addr   hSize   dSize     Ref    Section   RLIB
---------------------------------------------------------------------------------------------
     Counter                                   1100       4       4       3   .data       
     i                                         1104       1       1       1   .data       
     STATELED                                FF8000       C      12       1   .init       
     main                                    FF800C       0       0       0   .init       
     _Startup                                FF800C       0       0       0   .init       
     Entry                                   FF800C      17      23       0   .init       
     Start                                   FF8023       3       3       0   .init       
     loop                                    FF8026      18      24       0   .init       

*********************************************************************************************
UNUSED-OBJECTS SECTION
---------------------------------------------------------------------------------------------

*********************************************************************************************
COPYDOWN SECTION
---------------------------------------------------------------------------------------------

*********************************************************************************************
OBJECT-DEPENDENCIES SECTION
---------------------------------------------------------------------------------------------
Entry                     USES Counter i STATELED 
loop                      USES Counter 

*********************************************************************************************
DEPENDENCY TREE
*********************************************************************************************
 main and _Startup Group
 | 
 +- main                
 |    
 +- _Startup            
      
*********************************************************************************************
STATISTIC SECTION
---------------------------------------------------------------------------------------------

ExeFile:
--------
Number of blocks to be downloaded: 2
Total size of all blocks to be downloaded: 65

