*** EVALUATION ***
PROGRAM "Labo7-1_Start.elf"

*********************************************************************************************
TARGET SECTION
---------------------------------------------------------------------------------------------
Processor   : Freescale S12Z
Memory Model: SMALL
File Format : ELF\DWARF 2.0
Linker      : SmartLinker V-5.0.54 Build 18298, Oct 26 2018

*********************************************************************************************
FILE SECTION
---------------------------------------------------------------------------------------------
main_asm.obj                            Model: COMMON,        Lang: Assembler,     Compiler Version: Assembler for HCS12Z V-5.0.019 Build 18298, Oct 26 2018

*********************************************************************************************
STARTUP SECTION
---------------------------------------------------------------------------------------------
Entry point: 0xFF8006 (_Startup)

*********************************************************************************************
SECTION-ALLOCATION SECTION
Section Name                    Size  Type     From       To       Segment
---------------------------------------------------------------------------------------------
.init                            184     R   0xFF8000   0xFF80B7   ROM
.stack                           256   R/W     0x1000     0x10FF   RAM
.vectSeg0_vect                     3     R   0xFFFFFD   0xFFFFFF   .vectSeg0

Summary of section sizes per section type:
READ_ONLY (R):          BB (dec:      187)
READ_WRITE (R/W):      100 (dec:      256)

*********************************************************************************************
VECTOR-ALLOCATION SECTION
    Address     InitValue   InitFunction
---------------------------------------------------------------------------------------------
   0xFFFFFD      0xFF8006   _Startup

*********************************************************************************************
OBJECT-ALLOCATION SECTION
     Name               Module                 Addr   hSize   dSize     Ref    Section   RLIB
---------------------------------------------------------------------------------------------
MODULE:                 -- main_asm.obj --
- PROCEDURES:
     Entry                                   FF8006       C      12       0   .init       
     _Startup                                FF8006       0       0       0   .init       
     main                                    FF8006       0       0       0   .init       
     loop                                    FF8012      17      23       0   .init       
     Calcul                                  FF8029      29      41       0   .init       
     egal                                    FF8052       7       7       0   .init       
     bigger                                  FF8059       7       7       0   .init       
     smaller                                 FF8060       7       7       0   .init       
     load0                                   FF8067      1B      27       0   .init       
     load1                                   FF8082      1B      27       0   .init       
     load2                                   FF809D      1B      27       0   .init       
- VARIABLES:
     n1                                      FF8000       1       1       4   .init       
     n2                                      FF8001       1       1       4   .init       
     n3                                      FF8002       1       1       4   .init       
     n4                                      FF8003       1       1       4   .init       
     Result                                  FF8004       2       2       1   .init       

*********************************************************************************************
MODULE STATISTIC
  Name                                      Data   Code  Const
---------------------------------------------------------------------------------------------
  main_asm.obj                                 0    184      0
  other                                      256      3      0

*********************************************************************************************
SECTION USE IN OBJECT-ALLOCATION SECTION
---------------------------------------------------------------------------------------------
SECTION: ".init"
  n1 n2 n3 n4 Result main _Startup Entry loop Calcul egal bigger smaller load0 
  load1 load2 

*********************************************************************************************
OBJECT LIST SORTED BY ADDRESS
     Name                                      Addr   hSize   dSize     Ref    Section   RLIB
---------------------------------------------------------------------------------------------
     n1                                      FF8000       1       1       4   .init       
     n2                                      FF8001       1       1       4   .init       
     n3                                      FF8002       1       1       4   .init       
     n4                                      FF8003       1       1       4   .init       
     Result                                  FF8004       2       2       1   .init       
     main                                    FF8006       0       0       0   .init       
     _Startup                                FF8006       0       0       0   .init       
     Entry                                   FF8006       C      12       0   .init       
     loop                                    FF8012      17      23       0   .init       
     Calcul                                  FF8029      29      41       0   .init       
     egal                                    FF8052       7       7       0   .init       
     bigger                                  FF8059       7       7       0   .init       
     smaller                                 FF8060       7       7       0   .init       
     load0                                   FF8067      1B      27       0   .init       
     load1                                   FF8082      1B      27       0   .init       
     load2                                   FF809D      1B      27       0   .init       

*********************************************************************************************
UNUSED-OBJECTS SECTION
---------------------------------------------------------------------------------------------

*********************************************************************************************
COPYDOWN SECTION
---------------------------------------------------------------------------------------------

*********************************************************************************************
OBJECT-DEPENDENCIES SECTION
---------------------------------------------------------------------------------------------
Calcul                    USES n1 n2 n3 n4 Result 
load0                     USES n1 n2 n3 n4 
load1                     USES n1 n2 n3 n4 
load2                     USES n1 n2 n3 n4 

*********************************************************************************************
DEPENDENCY TREE
*********************************************************************************************
 main and _Startup Group
 | 
 +- main                
 |    
 +- _Startup            
      
*********************************************************************************************
STATISTIC SECTION
---------------------------------------------------------------------------------------------

ExeFile:
--------
Number of blocks to be downloaded: 2
Total size of all blocks to be downloaded: 187

