*** EVALUATION ***
PROGRAM "Labo5-1_Start.elf"

*********************************************************************************************
TARGET SECTION
---------------------------------------------------------------------------------------------
Processor   : Freescale S12Z
Memory Model: SMALL
File Format : ELF\DWARF 2.0
Linker      : SmartLinker V-5.0.54 Build 18298, Oct 26 2018

*********************************************************************************************
FILE SECTION
---------------------------------------------------------------------------------------------
main_asm.obj                            Model: COMMON,        Lang: Assembler,     Compiler Version: Assembler for HCS12Z V-5.0.019 Build 18298, Oct 26 2018

*********************************************************************************************
STARTUP SECTION
---------------------------------------------------------------------------------------------
Entry point: 0xFF8005 (_Startup)

*********************************************************************************************
SECTION-ALLOCATION SECTION
Section Name                    Size  Type     From       To       Segment
---------------------------------------------------------------------------------------------
.init                             64     R   0xFF8000   0xFF803F   ROM
.stack                           256   R/W     0x1000     0x10FF   RAM
.data                              3   R/W     0x1100     0x1102   RAM
.vectSeg0_vect                     3     R   0xFFFFFD   0xFFFFFF   .vectSeg0

Summary of section sizes per section type:
READ_ONLY (R):          43 (dec:       67)
READ_WRITE (R/W):      103 (dec:      259)

*********************************************************************************************
VECTOR-ALLOCATION SECTION
    Address     InitValue   InitFunction
---------------------------------------------------------------------------------------------
   0xFFFFFD      0xFF8005   _Startup

*********************************************************************************************
OBJECT-ALLOCATION SECTION
     Name               Module                 Addr   hSize   dSize     Ref    Section   RLIB
---------------------------------------------------------------------------------------------
MODULE:                 -- main_asm.obj --
- PROCEDURES:
     numbers                                 FF8000       5       5       5   .init       
     Entry                                   FF8005      38      56       0   .init       
     _Startup                                FF8005       0       0       0   .init       
     main                                    FF8005       0       0       0   .init       
     loop                                    FF803D       3       3       0   .init       
- VARIABLES:
     somme                                     1100       2       2       3   .data       
     moyenne                                   1102       1       1       1   .data       

*********************************************************************************************
MODULE STATISTIC
  Name                                      Data   Code  Const
---------------------------------------------------------------------------------------------
  main_asm.obj                                 3     64      0
  other                                      256      3      0

*********************************************************************************************
SECTION USE IN OBJECT-ALLOCATION SECTION
---------------------------------------------------------------------------------------------
SECTION: ".data"
  somme moyenne 
SECTION: ".init"
  numbers main _Startup Entry loop 

*********************************************************************************************
OBJECT LIST SORTED BY ADDRESS
     Name                                      Addr   hSize   dSize     Ref    Section   RLIB
---------------------------------------------------------------------------------------------
     somme                                     1100       2       2       3   .data       
     moyenne                                   1102       1       1       1   .data       
     numbers                                 FF8000       5       5       5   .init       
     main                                    FF8005       0       0       0   .init       
     _Startup                                FF8005       0       0       0   .init       
     Entry                                   FF8005      38      56       0   .init       
     loop                                    FF803D       3       3       0   .init       

*********************************************************************************************
UNUSED-OBJECTS SECTION
---------------------------------------------------------------------------------------------

*********************************************************************************************
COPYDOWN SECTION
---------------------------------------------------------------------------------------------

*********************************************************************************************
OBJECT-DEPENDENCIES SECTION
---------------------------------------------------------------------------------------------
Entry                     USES numbers somme moyenne 

*********************************************************************************************
DEPENDENCY TREE
*********************************************************************************************
 main and _Startup Group
 | 
 +- main                
 |    
 +- _Startup            
      
*********************************************************************************************
STATISTIC SECTION
---------------------------------------------------------------------------------------------

ExeFile:
--------
Number of blocks to be downloaded: 2
Total size of all blocks to be downloaded: 67

