*** EVALUATION ***
PROGRAM "Labo4_Start.elf"

*********************************************************************************************
TARGET SECTION
---------------------------------------------------------------------------------------------
Processor   : Freescale S12Z
Memory Model: SMALL
File Format : ELF\DWARF 2.0
Linker      : SmartLinker V-5.0.54 Build 18298, Oct 26 2018

*********************************************************************************************
FILE SECTION
---------------------------------------------------------------------------------------------
main_asm.obj                            Model: COMMON,        Lang: Assembler,     Compiler Version: Assembler for HCS12Z V-5.0.019 Build 18298, Oct 26 2018

*********************************************************************************************
STARTUP SECTION
---------------------------------------------------------------------------------------------
Entry point: 0xFF8000 (_Startup)

*********************************************************************************************
SECTION-ALLOCATION SECTION
Section Name                    Size  Type     From       To       Segment
---------------------------------------------------------------------------------------------
.init                             68     R   0xFF8000   0xFF8043   ROM
.stack                           256   R/W     0x1000     0x10FF   RAM
.data                             29   R/W     0x1100     0x111C   RAM
.vectSeg0_vect                     3     R   0xFFFFFD   0xFFFFFF   .vectSeg0

Summary of section sizes per section type:
READ_ONLY (R):          47 (dec:       71)
READ_WRITE (R/W):      11D (dec:      285)

*********************************************************************************************
VECTOR-ALLOCATION SECTION
    Address     InitValue   InitFunction
---------------------------------------------------------------------------------------------
   0xFFFFFD      0xFF8000   _Startup

*********************************************************************************************
OBJECT-ALLOCATION SECTION
     Name               Module                 Addr   hSize   dSize     Ref    Section   RLIB
---------------------------------------------------------------------------------------------
MODULE:                 -- main_asm.obj --
- PROCEDURES:
     Entry                                   FF8000      41      65       0   .init       
     _Startup                                FF8000       0       0       0   .init       
     main                                    FF8000       0       0       0   .init       
     exercice2_4                             FF8041       3       3       0   .init       
     loop                                    FF8041       0       0       0   .init       
- VARIABLES:
     V1                                        1100       4       4       1   .data       
     V2                                        1104       4       4       2   .data       
     V3                                        1108       4       4       2   .data       
     RES                                       110C       8       8       4   .data       
     N1                                        1114       2       2       0   .data       
     N2                                        1116       2       2       0   .data       
     N3                                        1118       2       2       0   .data       
     N4                                        111A       3       3       0   .data       

*********************************************************************************************
MODULE STATISTIC
  Name                                      Data   Code  Const
---------------------------------------------------------------------------------------------
  main_asm.obj                                29     68      0
  other                                      256      3      0

*********************************************************************************************
SECTION USE IN OBJECT-ALLOCATION SECTION
---------------------------------------------------------------------------------------------
SECTION: ".data"
  V1 V2 V3 RES N1 N2 N3 N4 
SECTION: ".init"
  main _Startup Entry loop exercice2_4 

*********************************************************************************************
OBJECT LIST SORTED BY ADDRESS
     Name                                      Addr   hSize   dSize     Ref    Section   RLIB
---------------------------------------------------------------------------------------------
     V1                                        1100       4       4       1   .data       
     V2                                        1104       4       4       2   .data       
     V3                                        1108       4       4       2   .data       
     RES                                       110C       8       8       4   .data       
     N1                                        1114       2       2       0   .data       
     N2                                        1116       2       2       0   .data       
     N3                                        1118       2       2       0   .data       
     N4                                        111A       3       3       0   .data       
     main                                    FF8000       0       0       0   .init       
     _Startup                                FF8000       0       0       0   .init       
     Entry                                   FF8000      41      65       0   .init       
     loop                                    FF8041       0       0       0   .init       
     exercice2_4                             FF8041       3       3       0   .init       

*********************************************************************************************
UNUSED-OBJECTS SECTION
---------------------------------------------------------------------------------------------

*********************************************************************************************
COPYDOWN SECTION
---------------------------------------------------------------------------------------------

*********************************************************************************************
OBJECT-DEPENDENCIES SECTION
---------------------------------------------------------------------------------------------
Entry                     USES V1 V2 V3 RES 

*********************************************************************************************
DEPENDENCY TREE
*********************************************************************************************
 main and _Startup Group
 | 
 +- main                
 |    
 +- _Startup            
      
*********************************************************************************************
STATISTIC SECTION
---------------------------------------------------------------------------------------------

ExeFile:
--------
Number of blocks to be downloaded: 2
Total size of all blocks to be downloaded: 71

