*** EVALUATION ***
PROGRAM "Labo6-2_Start.elf"

*********************************************************************************************
TARGET SECTION
---------------------------------------------------------------------------------------------
Processor   : Freescale S12Z
Memory Model: SMALL
File Format : ELF\DWARF 2.0
Linker      : SmartLinker V-5.0.54 Build 18298, Oct 26 2018

*********************************************************************************************
FILE SECTION
---------------------------------------------------------------------------------------------
main_asm.obj                            Model: COMMON,        Lang: Assembler,     Compiler Version: Assembler for HCS12Z V-5.0.019 Build 18298, Oct 26 2018

*********************************************************************************************
STARTUP SECTION
---------------------------------------------------------------------------------------------
Entry point: 0xFF8000 (_Startup)

*********************************************************************************************
SECTION-ALLOCATION SECTION
Section Name                    Size  Type     From       To       Segment
---------------------------------------------------------------------------------------------
.init                            117     R   0xFF8000   0xFF8074   ROM
.stack                           256   R/W     0x1000     0x10FF   RAM
.data                              1   R/W     0x1100     0x1100   RAM
.vectSeg0_vect                     3     R   0xFFFFFD   0xFFFFFF   .vectSeg0

Summary of section sizes per section type:
READ_ONLY (R):          78 (dec:      120)
READ_WRITE (R/W):      101 (dec:      257)

*********************************************************************************************
VECTOR-ALLOCATION SECTION
    Address     InitValue   InitFunction
---------------------------------------------------------------------------------------------
   0xFFFFFD      0xFF8000   _Startup

*********************************************************************************************
OBJECT-ALLOCATION SECTION
     Name               Module                 Addr   hSize   dSize     Ref    Section   RLIB
---------------------------------------------------------------------------------------------
MODULE:                 -- main_asm.obj --
- PROCEDURES:
     Entry                                   FF8000       4       4       0   .init       
     _Startup                                FF8000       0       0       0   .init       
     main                                    FF8000       0       0       0   .init       
     loop                                    FF8004      71     113       0   .init       
- VARIABLES:
     var1                                      1100       1       1       6   .data       

*********************************************************************************************
MODULE STATISTIC
  Name                                      Data   Code  Const
---------------------------------------------------------------------------------------------
  main_asm.obj                                 1    117      0
  other                                      256      3      0

*********************************************************************************************
SECTION USE IN OBJECT-ALLOCATION SECTION
---------------------------------------------------------------------------------------------
SECTION: ".data"
  var1 
SECTION: ".init"
  main _Startup Entry loop 

*********************************************************************************************
OBJECT LIST SORTED BY ADDRESS
     Name                                      Addr   hSize   dSize     Ref    Section   RLIB
---------------------------------------------------------------------------------------------
     var1                                      1100       1       1       6   .data       
     main                                    FF8000       0       0       0   .init       
     _Startup                                FF8000       0       0       0   .init       
     Entry                                   FF8000       4       4       0   .init       
     loop                                    FF8004      71     113       0   .init       

*********************************************************************************************
UNUSED-OBJECTS SECTION
---------------------------------------------------------------------------------------------

*********************************************************************************************
COPYDOWN SECTION
---------------------------------------------------------------------------------------------

*********************************************************************************************
OBJECT-DEPENDENCIES SECTION
---------------------------------------------------------------------------------------------
loop                      USES var1 

*********************************************************************************************
DEPENDENCY TREE
*********************************************************************************************
 main and _Startup Group
 | 
 +- main                
 |    
 +- _Startup            
      
*********************************************************************************************
STATISTIC SECTION
---------------------------------------------------------------------------------------------

ExeFile:
--------
Number of blocks to be downloaded: 2
Total size of all blocks to be downloaded: 120

